// Jest Snapshot v1, https://goo.gl/fbAQLP

exports[`Render Carousel 1`] = `
<button
  class="sc-bdVaJa dkmxRm"
>
  hello
</button>
`;
